To honour the JVM settings for this build a single-use Daemon process will be forked. For more on this, please refer to https://docs.gradle.org/8.5/userguide/gradle_daemon.html#sec:disabling_the_daemon in the Gradle documentation.
Daemon will be stopped at the end of the build 
> Task :clean UP-TO-DATE

> Task :compileJava
.\gradlew : Note: Some input files use unchecked or unsafe operations.
строка:1 знак:1
+ .\gradlew clean test --no-daemon 2>&1 | Out-File "build_output.txt";  ...
+ ~~~~~~~~~~~~~~~~~~~~~~~~~~~~~~~~~~~~~
    + CategoryInfo          : NotSpecified: (Note: Some inpu...afe operations.:String) [], RemoteException
    + FullyQualifiedErrorId : NativeCommandError
 
Note: Recompile with -Xlint:unchecked for details.

> Task :processResources
> Task :classes

> Task :compileTestJava
Note: Some input files use unchecked or unsafe operations.
Note: Recompile with -Xlint:unchecked for details.

> Task :processTestResources NO-SOURCE
> Task :testClasses
java.nio.BufferOverflowException
	at java.base/java.nio.IntBuffer.put(IntBuffer.java:1210)
	at com.sun.javafx.tk.quantum.UploadingPainter.run(UploadingPainter.java:163)
	at java.base/java.util.concurrent.Executors$RunnableAdapter.call(Executors.java:572)
	at java.base/java.util.concurrent.FutureTask.runAndReset(FutureTask.java:358)
	at com.sun.javafx.tk.RenderJob.run(RenderJob.java:58)
	at java.base/java.util.concurrent.ThreadPoolExecutor.runWorker(ThreadPoolExecutor.java:1144)
	at java.base/java.util.concurrent.ThreadPoolExecutor$Worker.run(ThreadPoolExecutor.java:642)
	at com.sun.javafx.tk.quantum.QuantumRenderer$PipelineRunnable.run(QuantumRenderer.java:126)
	at java.base/java.lang.Thread.run(Thread.java:1583)
java.nio.BufferOverflowException
	at java.base/java.nio.IntBuffer.put(IntBuffer.java:1210)
	at com.sun.javafx.tk.quantum.UploadingPainter.run(UploadingPainter.java:163)
	at java.base/java.util.concurrent.Executors$RunnableAdapter.call(Executors.java:572)
	at java.base/java.util.concurrent.FutureTask.runAndReset(FutureTask.java:358)
	at com.sun.javafx.tk.RenderJob.run(RenderJob.java:58)
	at java.base/java.util.concurrent.ThreadPoolExecutor.runWorker(ThreadPoolExecutor.java:1144)
	at java.base/java.util.concurrent.ThreadPoolExecutor$Worker.run(ThreadPoolExecutor.java:642)
	at com.sun.javafx.tk.quantum.QuantumRenderer$PipelineRunnable.run(QuantumRenderer.java:126)
	at java.base/java.lang.Thread.run(Thread.java:1583)
java.nio.BufferOverflowException
	at java.base/java.nio.IntBuffer.put(IntBuffer.java:1210)
	at com.sun.javafx.tk.quantum.UploadingPainter.run(UploadingPainter.java:163)
	at java.base/java.util.concurrent.Executors$RunnableAdapter.call(Executors.java:572)
	at java.base/java.util.concurrent.FutureTask.runAndReset(FutureTask.java:358)
	at com.sun.javafx.tk.RenderJob.run(RenderJob.java:58)
	at java.base/java.util.concurrent.ThreadPoolExecutor.runWorker(ThreadPoolExecutor.java:1144)
	at java.base/java.util.concurrent.ThreadPoolExecutor$Worker.run(ThreadPoolExecutor.java:642)
	at com.sun.javafx.tk.quantum.QuantumRenderer$PipelineRunnable.run(QuantumRenderer.java:126)
	at java.base/java.lang.Thread.run(Thread.java:1583)
java.nio.BufferOverflowException
	at java.base/java.nio.IntBuffer.put(IntBuffer.java:1210)
	at com.sun.javafx.tk.quantum.UploadingPainter.run(UploadingPainter.java:163)
	at java.base/java.util.concurrent.Executors$RunnableAdapter.call(Executors.java:572)
	at java.base/java.util.concurrent.FutureTask.runAndReset(FutureTask.java:358)
	at com.sun.javafx.tk.RenderJob.run(RenderJob.java:58)
	at java.base/java.util.concurrent.ThreadPoolExecutor.runWorker(ThreadPoolExecutor.java:1144)
	at java.base/java.util.concurrent.ThreadPoolExecutor$Worker.run(ThreadPoolExecutor.java:642)
	at com.sun.javafx.tk.quantum.QuantumRenderer$PipelineRunnable.run(QuantumRenderer.java:126)
	at java.base/java.lang.Thread.run(Thread.java:1583)
java.util.concurrent.RejectedExecutionException: Task com.sun.javafx.tk.quantum.PaintRenderJob@32bb5c05[Not completed, 
task = java.util.concurrent.Executors$RunnableAdapter@7156dcd[Wrapped task = com.sun.javafx.tk.quantum.UploadingPainter
@3c0cf8ad]] rejected from com.sun.javafx.tk.quantum.QuantumRenderer@4eed2acf[Terminated, pool size = 0, active threads 
= 0, queued tasks = 0, completed tasks = 138]
	at java.base/java.util.concurrent.ThreadPoolExecutor$AbortPolicy.rejectedExecution(ThreadPoolExecutor.java:2081)
	at java.base/java.util.concurrent.ThreadPoolExecutor.reject(ThreadPoolExecutor.java:841)
	at java.base/java.util.concurrent.ThreadPoolExecutor.execute(ThreadPoolExecutor.java:1376)
	at java.base/java.util.concurrent.AbstractExecutorService.submit(AbstractExecutorService.java:123)
	at com.sun.javafx.tk.quantum.QuantumRenderer.submitRenderJob(QuantumRenderer.java:221)
	at com.sun.javafx.tk.quantum.QuantumToolkit.addRenderJob(QuantumToolkit.java:504)
	at com.sun.javafx.tk.quantum.ViewScene.repaint(ViewScene.java:141)
	at com.sun.javafx.tk.quantum.PaintCollector.renderAll(PaintCollector.java:414)
	at com.sun.javafx.tk.quantum.QuantumToolkit.pulse(QuantumToolkit.java:593)
	at com.sun.javafx.tk.quantum.QuantumToolkit.pulse(QuantumToolkit.java:572)
	at com.sun.javafx.tk.quantum.QuantumToolkit.pulseFromQueue(QuantumToolkit.java:565)
	at com.sun.javafx.tk.quantum.QuantumToolkit.lambda$runToolkit$11(QuantumToolkit.java:352)
	at com.sun.glass.ui.monocle.RunnableProcessor.runLoop(RunnableProcessor.java:92)
	at com.sun.glass.ui.monocle.RunnableProcessor.run(RunnableProcessor.java:51)
	at java.base/java.lang.Thread.run(Thread.java:1583)
java.util.concurrent.RejectedExecutionException: Task com.sun.javafx.tk.quantum.PaintRenderJob@25c8ce5e[Not completed, 
task = java.util.concurrent.Executors$RunnableAdapter@1669b360[Wrapped task = com.sun.javafx.tk.quantum.UploadingPainte
r@4dfbe890]] rejected from com.sun.javafx.tk.quantum.QuantumRenderer@4eed2acf[Terminated, pool size = 0, active threads
 = 0, queued tasks = 0, completed tasks = 138]
	at java.base/java.util.concurrent.ThreadPoolExecutor$AbortPolicy.rejectedExecution(ThreadPoolExecutor.java:2081)
	at java.base/java.util.concurrent.ThreadPoolExecutor.reject(ThreadPoolExecutor.java:841)
	at java.base/java.util.concurrent.ThreadPoolExecutor.execute(ThreadPoolExecutor.java:1376)
	at java.base/java.util.concurrent.AbstractExecutorService.submit(AbstractExecutorService.java:123)
	at com.sun.javafx.tk.quantum.QuantumRenderer.submitRenderJob(QuantumRenderer.java:221)
	at com.sun.javafx.tk.quantum.QuantumToolkit.addRenderJob(QuantumToolkit.java:504)
	at com.sun.javafx.tk.quantum.ViewScene.repaint(ViewScene.java:141)
	at com.sun.javafx.tk.quantum.PaintCollector.renderAll(PaintCollector.java:414)
	at com.sun.javafx.tk.quantum.QuantumToolkit.pulse(QuantumToolkit.java:593)
	at com.sun.javafx.tk.quantum.QuantumToolkit.pulse(QuantumToolkit.java:572)
	at com.sun.javafx.tk.quantum.QuantumToolkit.pulseFromQueue(QuantumToolkit.java:565)
	at com.sun.javafx.tk.quantum.QuantumToolkit.lambda$runToolkit$11(QuantumToolkit.java:352)
	at com.sun.glass.ui.monocle.RunnableProcessor.runLoop(RunnableProcessor.java:92)
	at com.sun.glass.ui.monocle.RunnableProcessor.run(RunnableProcessor.java:51)
	at java.base/java.lang.Thread.run(Thread.java:1583)
java.util.concurrent.RejectedExecutionException: Task com.sun.javafx.tk.quantum.PaintRenderJob@43300c99[Not completed, 
task = java.util.concurrent.Executors$RunnableAdapter@32c44d44[Wrapped task = com.sun.javafx.tk.quantum.UploadingPainte
r@20e98ce4]] rejected from com.sun.javafx.tk.quantum.QuantumRenderer@4eed2acf[Terminated, pool size = 0, active threads
 = 0, queued tasks = 0, completed tasks = 138]
	at java.base/java.util.concurrent.ThreadPoolExecutor$AbortPolicy.rejectedExecution(ThreadPoolExecutor.java:2081)
	at java.base/java.util.concurrent.ThreadPoolExecutor.reject(ThreadPoolExecutor.java:841)
	at java.base/java.util.concurrent.ThreadPoolExecutor.execute(ThreadPoolExecutor.java:1376)
	at java.base/java.util.concurrent.AbstractExecutorService.submit(AbstractExecutorService.java:123)
	at com.sun.javafx.tk.quantum.QuantumRenderer.submitRenderJob(QuantumRenderer.java:221)
	at com.sun.javafx.tk.quantum.QuantumToolkit.addRenderJob(QuantumToolkit.java:504)
	at com.sun.javafx.tk.quantum.ViewScene.repaint(ViewScene.java:141)
	at com.sun.javafx.tk.quantum.PaintCollector.renderAll(PaintCollector.java:414)
	at com.sun.javafx.tk.quantum.QuantumToolkit.pulse(QuantumToolkit.java:593)
	at com.sun.javafx.tk.quantum.QuantumToolkit.pulse(QuantumToolkit.java:572)
	at com.sun.javafx.tk.quantum.QuantumToolkit.pulseFromQueue(QuantumToolkit.java:565)
	at com.sun.javafx.tk.quantum.QuantumToolkit.lambda$runToolkit$11(QuantumToolkit.java:352)
	at com.sun.glass.ui.monocle.RunnableProcessor.runLoop(RunnableProcessor.java:92)
	at com.sun.glass.ui.monocle.RunnableProcessor.run(RunnableProcessor.java:51)
	at java.base/java.lang.Thread.run(Thread.java:1583)
java.util.concurrent.RejectedExecutionException: Task com.sun.javafx.tk.quantum.PaintRenderJob@7d1a416e[Not completed, 
task = java.util.concurrent.Executors$RunnableAdapter@526ffee7[Wrapped task = com.sun.javafx.tk.quantum.UploadingPainte
r@3e8dd6e2]] rejected from com.sun.javafx.tk.quantum.QuantumRenderer@4eed2acf[Terminated, pool size = 0, active threads
 = 0, queued tasks = 0, completed tasks = 138]
	at java.base/java.util.concurrent.ThreadPoolExecutor$AbortPolicy.rejectedExecution(ThreadPoolExecutor.java:2081)
	at java.base/java.util.concurrent.ThreadPoolExecutor.reject(ThreadPoolExecutor.java:841)
	at java.base/java.util.concurrent.ThreadPoolExecutor.execute(ThreadPoolExecutor.java:1376)
	at java.base/java.util.concurrent.AbstractExecutorService.submit(AbstractExecutorService.java:123)
	at com.sun.javafx.tk.quantum.QuantumRenderer.submitRenderJob(QuantumRenderer.java:221)
	at com.sun.javafx.tk.quantum.QuantumToolkit.addRenderJob(QuantumToolkit.java:504)
	at com.sun.javafx.tk.quantum.ViewScene.repaint(ViewScene.java:141)
	at com.sun.javafx.tk.quantum.PaintCollector.renderAll(PaintCollector.java:414)
	at com.sun.javafx.tk.quantum.QuantumToolkit.pulse(QuantumToolkit.java:593)
	at com.sun.javafx.tk.quantum.QuantumToolkit.pulse(QuantumToolkit.java:572)
	at com.sun.javafx.tk.quantum.QuantumToolkit.pulseFromQueue(QuantumToolkit.java:565)
	at com.sun.javafx.tk.quantum.QuantumToolkit.lambda$runToolkit$11(QuantumToolkit.java:352)
	at com.sun.glass.ui.monocle.RunnableProcessor.runLoop(RunnableProcessor.java:92)
	at com.sun.glass.ui.monocle.RunnableProcessor.run(RunnableProcessor.java:51)
	at java.base/java.lang.Thread.run(Thread.java:1583)
java.util.concurrent.RejectedExecutionException: Task com.sun.javafx.tk.quantum.PaintRenderJob@64cdb8de[Not completed, 
task = java.util.concurrent.Executors$RunnableAdapter@1b996ea8[Wrapped task = com.sun.javafx.tk.quantum.UploadingPainte
r@4bf381ff]] rejected from com.sun.javafx.tk.quantum.QuantumRenderer@4eed2acf[Terminated, pool size = 0, active threads
 = 0, queued tasks = 0, completed tasks = 138]
	at java.base/java.util.concurrent.ThreadPoolExecutor$AbortPolicy.rejectedExecution(ThreadPoolExecutor.java:2081)
	at java.base/java.util.concurrent.ThreadPoolExecutor.reject(ThreadPoolExecutor.java:841)
	at java.base/java.util.concurrent.ThreadPoolExecutor.execute(ThreadPoolExecutor.java:1376)
	at java.base/java.util.concurrent.AbstractExecutorService.submit(AbstractExecutorService.java:123)
	at com.sun.javafx.tk.quantum.QuantumRenderer.submitRenderJob(QuantumRenderer.java:221)
	at com.sun.javafx.tk.quantum.QuantumToolkit.addRenderJob(QuantumToolkit.java:504)
	at com.sun.javafx.tk.quantum.ViewScene.repaint(ViewScene.java:141)
	at com.sun.javafx.tk.quantum.PaintCollector.renderAll(PaintCollector.java:414)
	at com.sun.javafx.tk.quantum.QuantumToolkit.pulse(QuantumToolkit.java:593)
	at com.sun.javafx.tk.quantum.QuantumToolkit.pulse(QuantumToolkit.java:572)
	at com.sun.javafx.tk.quantum.QuantumToolkit.pulseFromQueue(QuantumToolkit.java:565)
	at com.sun.javafx.tk.quantum.QuantumToolkit.lambda$runToolkit$11(QuantumToolkit.java:352)
	at com.sun.glass.ui.monocle.RunnableProcessor.runLoop(RunnableProcessor.java:92)
	at com.sun.glass.ui.monocle.RunnableProcessor.run(RunnableProcessor.java:51)
	at java.base/java.lang.Thread.run(Thread.java:1583)
java.util.concurrent.RejectedExecutionException: Task com.sun.javafx.tk.quantum.PaintRenderJob@3d91f44e[Not completed, 
task = java.util.concurrent.Executors$RunnableAdapter@63b838ab[Wrapped task = com.sun.javafx.tk.quantum.UploadingPainte
r@3413b15a]] rejected from com.sun.javafx.tk.quantum.QuantumRenderer@4eed2acf[Terminated, pool size = 0, active threads
 = 0, queued tasks = 0, completed tasks = 138]
	at java.base/java.util.concurrent.ThreadPoolExecutor$AbortPolicy.rejectedExecution(ThreadPoolExecutor.java:2081)
	at java.base/java.util.concurrent.ThreadPoolExecutor.reject(ThreadPoolExecutor.java:841)
	at java.base/java.util.concurrent.ThreadPoolExecutor.execute(ThreadPoolExecutor.java:1376)
	at java.base/java.util.concurrent.AbstractExecutorService.submit(AbstractExecutorService.java:123)
	at com.sun.javafx.tk.quantum.QuantumRenderer.submitRenderJob(QuantumRenderer.java:221)
	at com.sun.javafx.tk.quantum.QuantumToolkit.addRenderJob(QuantumToolkit.java:504)
	at com.sun.javafx.tk.quantum.ViewScene.repaint(ViewScene.java:141)
	at com.sun.javafx.tk.quantum.PaintCollector.renderAll(PaintCollector.java:414)
	at com.sun.javafx.tk.quantum.QuantumToolkit.pulse(QuantumToolkit.java:593)
	at com.sun.javafx.tk.quantum.QuantumToolkit.pulse(QuantumToolkit.java:572)
	at com.sun.javafx.tk.quantum.QuantumToolkit.pulseFromQueue(QuantumToolkit.java:565)
	at com.sun.javafx.tk.quantum.QuantumToolkit.lambda$runToolkit$11(QuantumToolkit.java:352)
	at com.sun.glass.ui.monocle.RunnableProcessor.runLoop(RunnableProcessor.java:92)
	at com.sun.glass.ui.monocle.RunnableProcessor.run(RunnableProcessor.java:51)
	at java.base/java.lang.Thread.run(Thread.java:1583)
java.util.concurrent.RejectedExecutionException: Task com.sun.javafx.tk.quantum.PaintRenderJob@108dc315[Not completed, 
task = java.util.concurrent.Executors$RunnableAdapter@bbc99c2[Wrapped task = com.sun.javafx.tk.quantum.UploadingPainter
@228c608e]] rejected from com.sun.javafx.tk.quantum.QuantumRenderer@4eed2acf[Terminated, pool size = 0, active threads 
= 0, queued tasks = 0, completed tasks = 138]
	at java.base/java.util.concurrent.ThreadPoolExecutor$AbortPolicy.rejectedExecution(ThreadPoolExecutor.java:2081)
	at java.base/java.util.concurrent.ThreadPoolExecutor.reject(ThreadPoolExecutor.java:841)
	at java.base/java.util.concurrent.ThreadPoolExecutor.execute(ThreadPoolExecutor.java:1376)
	at java.base/java.util.concurrent.AbstractExecutorService.submit(AbstractExecutorService.java:123)
	at com.sun.javafx.tk.quantum.QuantumRenderer.submitRenderJob(QuantumRenderer.java:221)
	at com.sun.javafx.tk.quantum.QuantumToolkit.addRenderJob(QuantumToolkit.java:504)
	at com.sun.javafx.tk.quantum.ViewScene.repaint(ViewScene.java:141)
	at com.sun.javafx.tk.quantum.PaintCollector.renderAll(PaintCollector.java:414)
	at com.sun.javafx.tk.quantum.QuantumToolkit.pulse(QuantumToolkit.java:593)
	at com.sun.javafx.tk.quantum.QuantumToolkit.pulse(QuantumToolkit.java:572)
	at com.sun.javafx.tk.quantum.QuantumToolkit.pulseFromQueue(QuantumToolkit.java:565)
	at com.sun.javafx.tk.quantum.QuantumToolkit.lambda$runToolkit$11(QuantumToolkit.java:352)
	at com.sun.glass.ui.monocle.RunnableProcessor.runLoop(RunnableProcessor.java:92)
	at com.sun.glass.ui.monocle.RunnableProcessor.run(RunnableProcessor.java:51)
	at java.base/java.lang.Thread.run(Thread.java:1583)
> Task :test

java.nio.BufferOverflowException
	at java.base/java.nio.IntBuffer.put(IntBuffer.java:1210)
	at com.sun.javafx.tk.quantum.UploadingPainter.run(UploadingPainter.java:163)
	at java.base/java.util.concurrent.Executors$RunnableAdapter.call(Executors.java:572)
	at java.base/java.util.concurrent.FutureTask.runAndReset(FutureTask.java:358)
	at com.sun.javafx.tk.RenderJob.run(RenderJob.java:58)
	at java.base/java.util.concurrent.ThreadPoolExecutor.runWorker(ThreadPoolExecutor.java:1144)
	at java.base/java.util.concurrent.ThreadPoolExecutor$Worker.run(ThreadPoolExecutor.java:642)
	at com.sun.javafx.tk.quantum.QuantumRenderer$PipelineRunnable.run(QuantumRenderer.java:126)
	at java.base/java.lang.Thread.run(Thread.java:1583)
java.nio.BufferOverflowException
	at java.base/java.nio.IntBuffer.put(IntBuffer.java:1210)
	at com.sun.javafx.tk.quantum.UploadingPainter.run(UploadingPainter.java:163)
	at java.base/java.util.concurrent.Executors$RunnableAdapter.call(Executors.java:572)
	at java.base/java.util.concurrent.FutureTask.runAndReset(FutureTask.java:358)
	at com.sun.javafx.tk.RenderJob.run(RenderJob.java:58)
	at java.base/java.util.concurrent.ThreadPoolExecutor.runWorker(ThreadPoolExecutor.java:1144)
	at java.base/java.util.concurrent.ThreadPoolExecutor$Worker.run(ThreadPoolExecutor.java:642)
	at com.sun.javafx.tk.quantum.QuantumRenderer$PipelineRunnable.run(QuantumRenderer.java:126)
	at java.base/java.lang.Thread.run(Thread.java:1583)
java.util.concurrent.RejectedExecutionException: Task com.sun.javafx.tk.quantum.PaintRenderJob@1be47500[Not completed, 
task = java.util.concurrent.Executors$RunnableAdapter@2e6f8d32[Wrapped task = com.sun.javafx.tk.quantum.UploadingPainte
r@4e1fccfe]] rejected from com.sun.javafx.tk.quantum.QuantumRenderer@2b59501e[Terminated, pool size = 0, active threads
 = 0, queued tasks = 0, completed tasks = 61]
	at java.base/java.util.concurrent.ThreadPoolExecutor$AbortPolicy.rejectedExecution(ThreadPoolExecutor.java:2081)
	at java.base/java.util.concurrent.ThreadPoolExecutor.reject(ThreadPoolExecutor.java:841)
	at java.base/java.util.concurrent.ThreadPoolExecutor.execute(ThreadPoolExecutor.java:1376)
	at java.base/java.util.concurrent.AbstractExecutorService.submit(AbstractExecutorService.java:123)
	at com.sun.javafx.tk.quantum.QuantumRenderer.submitRenderJob(QuantumRenderer.java:221)
	at com.sun.javafx.tk.quantum.QuantumToolkit.addRenderJob(QuantumToolkit.java:504)
	at com.sun.javafx.tk.quantum.ViewScene.repaint(ViewScene.java:141)
	at com.sun.javafx.tk.quantum.PaintCollector.renderAll(PaintCollector.java:414)
	at com.sun.javafx.tk.quantum.QuantumToolkit.pulse(QuantumToolkit.java:593)
	at com.sun.javafx.tk.quantum.QuantumToolkit.pulse(QuantumToolkit.java:572)
	at com.sun.javafx.tk.quantum.QuantumToolkit.pulseFromQueue(QuantumToolkit.java:565)
	at com.sun.javafx.tk.quantum.QuantumToolkit.lambda$runToolkit$11(QuantumToolkit.java:352)
	at com.sun.glass.ui.monocle.RunnableProcessor.runLoop(RunnableProcessor.java:92)
	at com.sun.glass.ui.monocle.RunnableProcessor.run(RunnableProcessor.java:51)
	at java.base/java.lang.Thread.run(Thread.java:1583)
java.util.concurrent.RejectedExecutionException: Task com.sun.javafx.tk.quantum.PaintRenderJob@1ee3fc6a[Not completed, 
task = java.util.concurrent.Executors$RunnableAdapter@165f97c4[Wrapped task = com.sun.javafx.tk.quantum.UploadingPainte
r@2697c1cd]] rejected from com.sun.javafx.tk.quantum.QuantumRenderer@2b59501e[Terminated, pool size = 0, active threads
 = 0, queued tasks = 0, completed tasks = 61]
	at java.base/java.util.concurrent.ThreadPoolExecutor$AbortPolicy.rejectedExecution(ThreadPoolExecutor.java:2081)
	at java.base/java.util.concurrent.ThreadPoolExecutor.reject(ThreadPoolExecutor.java:841)
	at java.base/java.util.concurrent.ThreadPoolExecutor.execute(ThreadPoolExecutor.java:1376)
	at java.base/java.util.concurrent.AbstractExecutorService.submit(AbstractExecutorService.java:123)
	at com.sun.javafx.tk.quantum.QuantumRenderer.submitRenderJob(QuantumRenderer.java:221)
	at com.sun.javafx.tk.quantum.QuantumToolkit.addRenderJob(QuantumToolkit.java:504)
	at com.sun.javafx.tk.quantum.ViewScene.repaint(ViewScene.java:141)
	at com.sun.javafx.tk.quantum.PaintCollector.renderAll(PaintCollector.java:414)
	at com.sun.javafx.tk.quantum.QuantumToolkit.pulse(QuantumToolkit.java:593)
	at com.sun.javafx.tk.quantum.QuantumToolkit.pulse(QuantumToolkit.java:572)
	at com.sun.javafx.tk.quantum.QuantumToolkit.pulseFromQueue(QuantumToolkit.java:565)
	at com.sun.javafx.tk.quantum.QuantumToolkit.lambda$runToolkit$11(QuantumToolkit.java:352)
	at com.sun.glass.ui.monocle.RunnableProcessor.runLoop(RunnableProcessor.java:92)
	at com.sun.glass.ui.monocle.RunnableProcessor.run(RunnableProcessor.java:51)
	at java.base/java.lang.Thread.run(Thread.java:1583)
java.util.concurrent.RejectedExecutionException: Task com.sun.javafx.tk.quantum.PaintRenderJob@75d8da83[Not completed, 
task = java.util.concurrent.Executors$RunnableAdapter@6cd85521[Wrapped task = com.sun.javafx.tk.quantum.UploadingPainte
r@74d968de]] rejected from com.sun.javafx.tk.quantum.QuantumRenderer@2b59501e[Terminated, pool size = 0, active threads
 = 0, queued tasks = 0, completed tasks = 61]
	at java.base/java.util.concurrent.ThreadPoolExecutor$AbortPolicy.rejectedExecution(ThreadPoolExecutor.java:2081)
	at java.base/java.util.concurrent.ThreadPoolExecutor.reject(ThreadPoolExecutor.java:841)
	at java.base/java.util.concurrent.ThreadPoolExecutor.execute(ThreadPoolExecutor.java:1376)
	at java.base/java.util.concurrent.AbstractExecutorService.submit(AbstractExecutorService.java:123)
	at com.sun.javafx.tk.quantum.QuantumRenderer.submitRenderJob(QuantumRenderer.java:221)
	at com.sun.javafx.tk.quantum.QuantumToolkit.addRenderJob(QuantumToolkit.java:504)
	at com.sun.javafx.tk.quantum.ViewScene.repaint(ViewScene.java:141)
	at com.sun.javafx.tk.quantum.PaintCollector.renderAll(PaintCollector.java:414)
	at com.sun.javafx.tk.quantum.QuantumToolkit.pulse(QuantumToolkit.java:593)
	at com.sun.javafx.tk.quantum.QuantumToolkit.pulse(QuantumToolkit.java:572)
	at com.sun.javafx.tk.quantum.QuantumToolkit.pulseFromQueue(QuantumToolkit.java:565)
	at com.sun.javafx.tk.quantum.QuantumToolkit.lambda$runToolkit$11(QuantumToolkit.java:352)
	at com.sun.glass.ui.monocle.RunnableProcessor.runLoop(RunnableProcessor.java:92)
	at com.sun.glass.ui.monocle.RunnableProcessor.run(RunnableProcessor.java:51)
	at java.base/java.lang.Thread.run(Thread.java:1583)
java.util.concurrent.RejectedExecutionException: Task com.sun.javafx.tk.quantum.PaintRenderJob@4949a78d[Not completed, 
task = java.util.concurrent.Executors$RunnableAdapter@45d6697e[Wrapped task = com.sun.javafx.tk.quantum.UploadingPainte
r@7a767682]] rejected from com.sun.javafx.tk.quantum.QuantumRenderer@2b59501e[Terminated, pool size = 0, active threads
 = 0, queued tasks = 0, completed tasks = 61]
	at java.base/java.util.concurrent.ThreadPoolExecutor$AbortPolicy.rejectedExecution(ThreadPoolExecutor.java:2081)
	at java.base/java.util.concurrent.ThreadPoolExecutor.reject(ThreadPoolExecutor.java:841)
	at java.base/java.util.concurrent.ThreadPoolExecutor.execute(ThreadPoolExecutor.java:1376)
	at java.base/java.util.concurrent.AbstractExecutorService.submit(AbstractExecutorService.java:123)
	at com.sun.javafx.tk.quantum.QuantumRenderer.submitRenderJob(QuantumRenderer.java:221)
	at com.sun.javafx.tk.quantum.QuantumToolkit.addRenderJob(QuantumToolkit.java:504)
	at com.sun.javafx.tk.quantum.ViewScene.repaint(ViewScene.java:141)
	at com.sun.javafx.tk.quantum.PaintCollector.renderAll(PaintCollector.java:414)
	at com.sun.javafx.tk.quantum.QuantumToolkit.pulse(QuantumToolkit.java:593)
	at com.sun.javafx.tk.quantum.QuantumToolkit.pulse(QuantumToolkit.java:572)
	at com.sun.javafx.tk.quantum.QuantumToolkit.pulseFromQueue(QuantumToolkit.java:565)
	at com.sun.javafx.tk.quantum.QuantumToolkit.lambda$runToolkit$11(QuantumToolkit.java:352)
	at com.sun.glass.ui.monocle.RunnableProcessor.runLoop(RunnableProcessor.java:92)
	at com.sun.glass.ui.monocle.RunnableProcessor.run(RunnableProcessor.java:51)
	at java.base/java.lang.Thread.run(Thread.java:1583)
java.util.concurrent.RejectedExecutionException: Task com.sun.javafx.tk.quantum.PaintRenderJob@53b3aae3[Not completed, 
task = java.util.concurrent.Executors$RunnableAdapter@1ec9bd74[Wrapped task = com.sun.javafx.tk.quantum.UploadingPainte
r@57420a49]] rejected from com.sun.javafx.tk.quantum.QuantumRenderer@2b59501e[Terminated, pool size = 0, active threads
 = 0, queued tasks = 0, completed tasks = 61]
	at java.base/java.util.concurrent.ThreadPoolExecutor$AbortPolicy.rejectedExecution(ThreadPoolExecutor.java:2081)
	at java.base/java.util.concurrent.ThreadPoolExecutor.reject(ThreadPoolExecutor.java:841)
	at java.base/java.util.concurrent.ThreadPoolExecutor.execute(ThreadPoolExecutor.java:1376)
	at java.base/java.util.concurrent.AbstractExecutorService.submit(AbstractExecutorService.java:123)
	at com.sun.javafx.tk.quantum.QuantumRenderer.submitRenderJob(QuantumRenderer.java:221)
	at com.sun.javafx.tk.quantum.QuantumToolkit.addRenderJob(QuantumToolkit.java:504)
	at com.sun.javafx.tk.quantum.ViewScene.repaint(ViewScene.java:141)
	at com.sun.javafx.tk.quantum.PaintCollector.renderAll(PaintCollector.java:414)
	at com.sun.javafx.tk.quantum.QuantumToolkit.pulse(QuantumToolkit.java:593)
	at com.sun.javafx.tk.quantum.QuantumToolkit.pulse(QuantumToolkit.java:572)
	at com.sun.javafx.tk.quantum.QuantumToolkit.pulseFromQueue(QuantumToolkit.java:565)
	at com.sun.javafx.tk.quantum.QuantumToolkit.lambda$runToolkit$11(QuantumToolkit.java:352)
	at com.sun.glass.ui.monocle.RunnableProcessor.runLoop(RunnableProcessor.java:92)
	at com.sun.glass.ui.monocle.RunnableProcessor.run(RunnableProcessor.java:51)
	at java.base/java.lang.Thread.run(Thread.java:1583)
java.util.concurrent.RejectedExecutionException: Task com.sun.javafx.tk.quantum.PaintRenderJob@74448c1e[Not completed, 
task = java.util.concurrent.Executors$RunnableAdapter@7db990be[Wrapped task = com.sun.javafx.tk.quantum.UploadingPainte
r@3a6ecd02]] rejected from com.sun.javafx.tk.quantum.QuantumRenderer@2b59501e[Terminated, pool size = 0, active threads
 = 0, queued tasks = 0, completed tasks = 61]
	at java.base/java.util.concurrent.ThreadPoolExecutor$AbortPolicy.rejectedExecution(ThreadPoolExecutor.java:2081)
	at java.base/java.util.concurrent.ThreadPoolExecutor.reject(ThreadPoolExecutor.java:841)
	at java.base/java.util.concurrent.ThreadPoolExecutor.execute(ThreadPoolExecutor.java:1376)
	at java.base/java.util.concurrent.AbstractExecutorService.submit(AbstractExecutorService.java:123)
	at com.sun.javafx.tk.quantum.QuantumRenderer.submitRenderJob(QuantumRenderer.java:221)
	at com.sun.javafx.tk.quantum.QuantumToolkit.addRenderJob(QuantumToolkit.java:504)
	at com.sun.javafx.tk.quantum.ViewScene.repaint(ViewScene.java:141)
	at com.sun.javafx.tk.quantum.PaintCollector.renderAll(PaintCollector.java:414)
	at com.sun.javafx.tk.quantum.QuantumToolkit.pulse(QuantumToolkit.java:593)
	at com.sun.javafx.tk.quantum.QuantumToolkit.pulse(QuantumToolkit.java:572)
	at com.sun.javafx.tk.quantum.QuantumToolkit.pulseFromQueue(QuantumToolkit.java:565)
	at com.sun.javafx.tk.quantum.QuantumToolkit.lambda$runToolkit$11(QuantumToolkit.java:352)
	at com.sun.glass.ui.monocle.RunnableProcessor.runLoop(RunnableProcessor.java:92)
	at com.sun.glass.ui.monocle.RunnableProcessor.run(RunnableProcessor.java:51)
	at java.base/java.lang.Thread.run(Thread.java:1583)
To honour the JVM settings for this build a single-use Daemon process will be forked. For more on this, please refer to https://docs.gradle.org/8.5/userguide/gradle_daemon.html#sec:disabling_the_daemon in the Gradle documentation.
Daemon will be stopped at the end of the build 
> Task :compileJava UP-TO-DATE
> Task :processResources UP-TO-DATE
> Task :classes UP-TO-DATE
> Task :compileTestJava UP-TO-DATE
> Task :processTestResources NO-SOURCE
> Task :testClasses UP-TO-DATE
.\gradlew : java.nio.BufferOverflowException
строка:1 знак:1
+ .\gradlew test --no-daemon 2>&1 | Out-File "build_output.txt" -Append
+ ~~~~~~~~~~~~~~~~~~~~~~~~~~~~~~~
    + CategoryInfo          : NotSpecified: (java.nio.BufferOverflowException:String) [], RemoteException
    + FullyQualifiedErrorId : NativeCommandError
 
	at java.base/java.nio.IntBuffer.put(IntBuffer.java:1210)
	at com.sun.javafx.tk.quantum.UploadingPainter.run(UploadingPainter.java:163)
	at java.base/java.util.concurrent.Executors$RunnableAdapter.call(Executors.java:572)
	at java.base/java.util.concurrent.FutureTask.runAndReset(FutureTask.java:358)
	at com.sun.javafx.tk.RenderJob.run(RenderJob.java:58)
	at java.base/java.util.concurrent.ThreadPoolExecutor.runWorker(ThreadPoolExecutor.java:1144)
	at java.base/java.util.concurrent.ThreadPoolExecutor$Worker.run(ThreadPoolExecutor.java:642)
	at com.sun.javafx.tk.quantum.QuantumRenderer$PipelineRunnable.run(QuantumRenderer.java:126)
	at java.base/java.lang.Thread.run(Thread.java:1583)
java.util.concurrent.RejectedExecutionException: Task com.sun.javafx.tk.quantum.PaintRenderJob@766ab58[Not completed, t
ask = java.util.concurrent.Executors$RunnableAdapter@1828fc57[Wrapped task = com.sun.javafx.tk.quantum.UploadingPainter
@6fe7567e]] rejected from com.sun.javafx.tk.quantum.QuantumRenderer@4eed2acf[Terminated, pool size = 0, active threads 
= 0, queued tasks = 0, completed tasks = 127]
	at java.base/java.util.concurrent.ThreadPoolExecutor$AbortPolicy.rejectedExecution(ThreadPoolExecutor.java:2081)
	at java.base/java.util.concurrent.ThreadPoolExecutor.reject(ThreadPoolExecutor.java:841)
	at java.base/java.util.concurrent.ThreadPoolExecutor.execute(ThreadPoolExecutor.java:1376)
	at java.base/java.util.concurrent.AbstractExecutorService.submit(AbstractExecutorService.java:123)
	at com.sun.javafx.tk.quantum.QuantumRenderer.submitRenderJob(QuantumRenderer.java:221)
	at com.sun.javafx.tk.quantum.QuantumToolkit.addRenderJob(QuantumToolkit.java:504)
	at com.sun.javafx.tk.quantum.ViewScene.repaint(ViewScene.java:141)
	at com.sun.javafx.tk.quantum.PaintCollector.renderAll(PaintCollector.java:414)
	at com.sun.javafx.tk.quantum.QuantumToolkit.pulse(QuantumToolkit.java:593)
	at com.sun.javafx.tk.quantum.QuantumToolkit.pulse(QuantumToolkit.java:572)
	at com.sun.javafx.tk.quantum.QuantumToolkit.pulseFromQueue(QuantumToolkit.java:565)
	at com.sun.javafx.tk.quantum.QuantumToolkit.lambda$runToolkit$11(QuantumToolkit.java:352)
	at com.sun.glass.ui.monocle.RunnableProcessor.runLoop(RunnableProcessor.java:92)
	at com.sun.glass.ui.monocle.RunnableProcessor.run(RunnableProcessor.java:51)
	at java.base/java.lang.Thread.run(Thread.java:1583)
java.util.concurrent.RejectedExecutionException: Task com.sun.javafx.tk.quantum.PaintRenderJob@21e1c76d[Not completed, 
task = java.util.concurrent.Executors$RunnableAdapter@466e7836[Wrapped task = com.sun.javafx.tk.quantum.UploadingPainte
r@13ef8223]] rejected from com.sun.javafx.tk.quantum.QuantumRenderer@4eed2acf[Terminated, pool size = 0, active threads
 = 0, queued tasks = 0, completed tasks = 127]
	at java.base/java.util.concurrent.ThreadPoolExecutor$AbortPolicy.rejectedExecution(ThreadPoolExecutor.java:2081)
	at java.base/java.util.concurrent.ThreadPoolExecutor.reject(ThreadPoolExecutor.java:841)
	at java.base/java.util.concurrent.ThreadPoolExecutor.execute(ThreadPoolExecutor.java:1376)
	at java.base/java.util.concurrent.AbstractExecutorService.submit(AbstractExecutorService.java:123)
	at com.sun.javafx.tk.quantum.QuantumRenderer.submitRenderJob(QuantumRenderer.java:221)
	at com.sun.javafx.tk.quantum.QuantumToolkit.addRenderJob(QuantumToolkit.java:504)
	at com.sun.javafx.tk.quantum.ViewScene.repaint(ViewScene.java:141)
	at com.sun.javafx.tk.quantum.PaintCollector.renderAll(PaintCollector.java:414)
	at com.sun.javafx.tk.quantum.QuantumToolkit.pulse(QuantumToolkit.java:593)
	at com.sun.javafx.tk.quantum.QuantumToolkit.pulse(QuantumToolkit.java:572)
	at com.sun.javafx.tk.quantum.QuantumToolkit.pulseFromQueue(QuantumToolkit.java:565)
	at com.sun.javafx.tk.quantum.QuantumToolkit.lambda$runToolkit$11(QuantumToolkit.java:352)
	at com.sun.glass.ui.monocle.RunnableProcessor.runLoop(RunnableProcessor.java:92)
	at com.sun.glass.ui.monocle.RunnableProcessor.run(RunnableProcessor.java:51)
	at java.base/java.lang.Thread.run(Thread.java:1583)
java.util.concurrent.RejectedExecutionException: Task com.sun.javafx.tk.quantum.PaintRenderJob@128ac2e7[Not completed, 
task = java.util.concurrent.Executors$RunnableAdapter@52eece7e[Wrapped task = com.sun.javafx.tk.quantum.UploadingPainte
r@3dffa09a]] rejected from com.sun.javafx.tk.quantum.QuantumRenderer@4eed2acf[Terminated, pool size = 0, active threads
 = 0, queued tasks = 0, completed tasks = 127]
	at java.base/java.util.concurrent.ThreadPoolExecutor$AbortPolicy.rejectedExecution(ThreadPoolExecutor.java:2081)
	at java.base/java.util.concurrent.ThreadPoolExecutor.reject(ThreadPoolExecutor.java:841)
	at java.base/java.util.concurrent.ThreadPoolExecutor.execute(ThreadPoolExecutor.java:1376)
	at java.base/java.util.concurrent.AbstractExecutorService.submit(AbstractExecutorService.java:123)
	at com.sun.javafx.tk.quantum.QuantumRenderer.submitRenderJob(QuantumRenderer.java:221)
	at com.sun.javafx.tk.quantum.QuantumToolkit.addRenderJob(QuantumToolkit.java:504)
	at com.sun.javafx.tk.quantum.ViewScene.repaint(ViewScene.java:141)
	at com.sun.javafx.tk.quantum.PaintCollector.renderAll(PaintCollector.java:414)
	at com.sun.javafx.tk.quantum.QuantumToolkit.pulse(QuantumToolkit.java:593)
	at com.sun.javafx.tk.quantum.QuantumToolkit.pulse(QuantumToolkit.java:572)
	at com.sun.javafx.tk.quantum.QuantumToolkit.pulseFromQueue(QuantumToolkit.java:565)
	at com.sun.javafx.tk.quantum.QuantumToolkit.lambda$runToolkit$11(QuantumToolkit.java:352)
	at com.sun.glass.ui.monocle.RunnableProcessor.runLoop(RunnableProcessor.java:92)
	at com.sun.glass.ui.monocle.RunnableProcessor.run(RunnableProcessor.java:51)
	at java.base/java.lang.Thread.run(Thread.java:1583)
java.util.concurrent.RejectedExecutionException: Task com.sun.javafx.tk.quantum.PaintRenderJob@70cc17af[Not completed, 
task = java.util.concurrent.Executors$RunnableAdapter@74aef34f[Wrapped task = com.sun.javafx.tk.quantum.UploadingPainte
r@34156630]] rejected from com.sun.javafx.tk.quantum.QuantumRenderer@4eed2acf[Terminated, pool size = 0, active threads
 = 0, queued tasks = 0, completed tasks = 127]
	at java.base/java.util.concurrent.ThreadPoolExecutor$AbortPolicy.rejectedExecution(ThreadPoolExecutor.java:2081)
	at java.base/java.util.concurrent.ThreadPoolExecutor.reject(ThreadPoolExecutor.java:841)
	at java.base/java.util.concurrent.ThreadPoolExecutor.execute(ThreadPoolExecutor.java:1376)
	at java.base/java.util.concurrent.AbstractExecutorService.submit(AbstractExecutorService.java:123)
	at com.sun.javafx.tk.quantum.QuantumRenderer.submitRenderJob(QuantumRenderer.java:221)
	at com.sun.javafx.tk.quantum.QuantumToolkit.addRenderJob(QuantumToolkit.java:504)
	at com.sun.javafx.tk.quantum.ViewScene.repaint(ViewScene.java:141)
	at com.sun.javafx.tk.quantum.PaintCollector.renderAll(PaintCollector.java:414)
	at com.sun.javafx.tk.quantum.QuantumToolkit.pulse(QuantumToolkit.java:593)
	at com.sun.javafx.tk.quantum.QuantumToolkit.pulse(QuantumToolkit.java:572)
	at com.sun.javafx.tk.quantum.QuantumToolkit.pulseFromQueue(QuantumToolkit.java:565)
	at com.sun.javafx.tk.quantum.QuantumToolkit.lambda$runToolkit$11(QuantumToolkit.java:352)
	at com.sun.glass.ui.monocle.RunnableProcessor.runLoop(RunnableProcessor.java:92)
	at com.sun.glass.ui.monocle.RunnableProcessor.run(RunnableProcessor.java:51)
	at java.base/java.lang.Thread.run(Thread.java:1583)
java.util.concurrent.RejectedExecutionException: Task com.sun.javafx.tk.quantum.PaintRenderJob@168c1ff0[Not completed, 
task = java.util.concurrent.Executors$RunnableAdapter@1956c001[Wrapped task = com.sun.javafx.tk.quantum.UploadingPainte
r@66d01fd]] rejected from com.sun.javafx.tk.quantum.QuantumRenderer@4eed2acf[Terminated, pool size = 0, active threads 
= 0, queued tasks = 0, completed tasks = 127]
	at java.base/java.util.concurrent.ThreadPoolExecutor$AbortPolicy.rejectedExecution(ThreadPoolExecutor.java:2081)
	at java.base/java.util.concurrent.ThreadPoolExecutor.reject(ThreadPoolExecutor.java:841)
	at java.base/java.util.concurrent.ThreadPoolExecutor.execute(ThreadPoolExecutor.java:1376)
	at java.base/java.util.concurrent.AbstractExecutorService.submit(AbstractExecutorService.java:123)
	at com.sun.javafx.tk.quantum.QuantumRenderer.submitRenderJob(QuantumRenderer.java:221)
	at com.sun.javafx.tk.quantum.QuantumToolkit.addRenderJob(QuantumToolkit.java:504)
	at com.sun.javafx.tk.quantum.ViewScene.repaint(ViewScene.java:141)
	at com.sun.javafx.tk.quantum.PaintCollector.renderAll(PaintCollector.java:414)
	at com.sun.javafx.tk.quantum.QuantumToolkit.pulse(QuantumToolkit.java:593)
	at com.sun.javafx.tk.quantum.QuantumToolkit.pulse(QuantumToolkit.java:572)
	at com.sun.javafx.tk.quantum.QuantumToolkit.pulseFromQueue(QuantumToolkit.java:565)
	at com.sun.javafx.tk.quantum.QuantumToolkit.lambda$runToolkit$11(QuantumToolkit.java:352)
	at com.sun.glass.ui.monocle.RunnableProcessor.runLoop(RunnableProcessor.java:92)
	at com.sun.glass.ui.monocle.RunnableProcessor.run(RunnableProcessor.java:51)
	at java.base/java.lang.Thread.run(Thread.java:1583)
java.util.concurrent.RejectedExecutionException: Task com.sun.javafx.tk.quantum.PaintRenderJob@30e8d89c[Not completed, 
task = java.util.concurrent.Executors$RunnableAdapter@2861b226[Wrapped task = com.sun.javafx.tk.quantum.UploadingPainte
r@466d2c3e]] rejected from com.sun.javafx.tk.quantum.QuantumRenderer@4eed2acf[Terminated, pool size = 0, active threads
 = 0, queued tasks = 0, completed tasks = 127]
	at java.base/java.util.concurrent.ThreadPoolExecutor$AbortPolicy.rejectedExecution(ThreadPoolExecutor.java:2081)
	at java.base/java.util.concurrent.ThreadPoolExecutor.reject(ThreadPoolExecutor.java:841)
	at java.base/java.util.concurrent.ThreadPoolExecutor.execute(ThreadPoolExecutor.java:1376)
	at java.base/java.util.concurrent.AbstractExecutorService.submit(AbstractExecutorService.java:123)
	at com.sun.javafx.tk.quantum.QuantumRenderer.submitRenderJob(QuantumRenderer.java:221)
	at com.sun.javafx.tk.quantum.QuantumToolkit.addRenderJob(QuantumToolkit.java:504)
	at com.sun.javafx.tk.quantum.ViewScene.repaint(ViewScene.java:141)
	at com.sun.javafx.tk.quantum.PaintCollector.renderAll(PaintCollector.java:414)
	at com.sun.javafx.tk.quantum.QuantumToolkit.pulse(QuantumToolkit.java:593)
	at com.sun.javafx.tk.quantum.QuantumToolkit.pulse(QuantumToolkit.java:572)
	at com.sun.javafx.tk.quantum.QuantumToolkit.pulseFromQueue(QuantumToolkit.java:565)
	at com.sun.javafx.tk.quantum.QuantumToolkit.lambda$runToolkit$11(QuantumToolkit.java:352)
	at com.sun.glass.ui.monocle.RunnableProcessor.runLoop(RunnableProcessor.java:92)
	at com.sun.glass.ui.monocle.RunnableProcessor.run(RunnableProcessor.java:51)
	at java.base/java.lang.Thread.run(Thread.java:1583)
java.util.concurrent.RejectedExecutionException: Task com.sun.javafx.tk.quantum.PaintRenderJob@a7a579d[Not completed, t
ask = java.util.concurrent.Executors$RunnableAdapter@5383862f[Wrapped task = com.sun.javafx.tk.quantum.UploadingPainter
@7c205cbd]] rejected from com.sun.javafx.tk.quantum.QuantumRenderer@4eed2acf[Terminated, pool size = 0, active threads 
= 0, queued tasks = 0, completed tasks = 127]
	at java.base/java.util.concurrent.ThreadPoolExecutor$AbortPolicy.rejectedExecution(ThreadPoolExecutor.java:2081)
	at java.base/java.util.concurrent.ThreadPoolExecutor.reject(ThreadPoolExecutor.java:841)
	at java.base/java.util.concurrent.ThreadPoolExecutor.execute(ThreadPoolExecutor.java:1376)
	at java.base/java.util.concurrent.AbstractExecutorService.submit(AbstractExecutorService.java:123)
	at com.sun.javafx.tk.quantum.QuantumRenderer.submitRenderJob(QuantumRenderer.java:221)
	at com.sun.javafx.tk.quantum.QuantumToolkit.addRenderJob(QuantumToolkit.java:504)
	at com.sun.javafx.tk.quantum.ViewScene.repaint(ViewScene.java:141)
	at com.sun.javafx.tk.quantum.PaintCollector.renderAll(PaintCollector.java:414)
	at com.sun.javafx.tk.quantum.QuantumToolkit.pulse(QuantumToolkit.java:593)
	at com.sun.javafx.tk.quantum.QuantumToolkit.pulse(QuantumToolkit.java:572)
	at com.sun.javafx.tk.quantum.QuantumToolkit.pulseFromQueue(QuantumToolkit.java:565)
	at com.sun.javafx.tk.quantum.QuantumToolkit.lambda$runToolkit$11(QuantumToolkit.java:352)
	at com.sun.glass.ui.monocle.RunnableProcessor.runLoop(RunnableProcessor.java:92)
	at com.sun.glass.ui.monocle.RunnableProcessor.run(RunnableProcessor.java:51)
	at java.base/java.lang.Thread.run(Thread.java:1583)
> Task :test

java.util.concurrent.RejectedExecutionException: Task com.sun.javafx.tk.quantum.PaintRenderJob@1be47500[Not completed, 
task = java.util.concurrent.Executors$RunnableAdapter@2e6f8d32[Wrapped task = com.sun.javafx.tk.quantum.UploadingPainte
r@4e1fccfe]] rejected from com.sun.javafx.tk.quantum.QuantumRenderer@2b59501e[Terminated, pool size = 0, active threads
 = 0, queued tasks = 0, completed tasks = 39]
	at java.base/java.util.concurrent.ThreadPoolExecutor$AbortPolicy.rejectedExecution(ThreadPoolExecutor.java:2081)
	at java.base/java.util.concurrent.ThreadPoolExecutor.reject(ThreadPoolExecutor.java:841)
	at java.base/java.util.concurrent.ThreadPoolExecutor.execute(ThreadPoolExecutor.java:1376)
	at java.base/java.util.concurrent.AbstractExecutorService.submit(AbstractExecutorService.java:123)
	at com.sun.javafx.tk.quantum.QuantumRenderer.submitRenderJob(QuantumRenderer.java:221)
	at com.sun.javafx.tk.quantum.QuantumToolkit.addRenderJob(QuantumToolkit.java:504)
	at com.sun.javafx.tk.quantum.ViewScene.repaint(ViewScene.java:141)
	at com.sun.javafx.tk.quantum.PaintCollector.renderAll(PaintCollector.java:414)
	at com.sun.javafx.tk.quantum.QuantumToolkit.pulse(QuantumToolkit.java:593)
	at com.sun.javafx.tk.quantum.QuantumToolkit.pulse(QuantumToolkit.java:572)
	at com.sun.javafx.tk.quantum.QuantumToolkit.pulseFromQueue(QuantumToolkit.java:565)
	at com.sun.javafx.tk.quantum.QuantumToolkit.lambda$runToolkit$11(QuantumToolkit.java:352)
	at com.sun.glass.ui.monocle.RunnableProcessor.runLoop(RunnableProcessor.java:92)
	at com.sun.glass.ui.monocle.RunnableProcessor.run(RunnableProcessor.java:51)
	at java.base/java.lang.Thread.run(Thread.java:1583)
java.util.concurrent.RejectedExecutionException: Task com.sun.javafx.tk.quantum.PaintRenderJob@1ee3fc6a[Not completed, 
task = java.util.concurrent.Executors$RunnableAdapter@165f97c4[Wrapped task = com.sun.javafx.tk.quantum.UploadingPainte
r@2697c1cd]] rejected from com.sun.javafx.tk.quantum.QuantumRenderer@2b59501e[Terminated, pool size = 0, active threads
 = 0, queued tasks = 0, completed tasks = 39]
	at java.base/java.util.concurrent.ThreadPoolExecutor$AbortPolicy.rejectedExecution(ThreadPoolExecutor.java:2081)
	at java.base/java.util.concurrent.ThreadPoolExecutor.reject(ThreadPoolExecutor.java:841)
	at java.base/java.util.concurrent.ThreadPoolExecutor.execute(ThreadPoolExecutor.java:1376)
	at java.base/java.util.concurrent.AbstractExecutorService.submit(AbstractExecutorService.java:123)
	at com.sun.javafx.tk.quantum.QuantumRenderer.submitRenderJob(QuantumRenderer.java:221)
	at com.sun.javafx.tk.quantum.QuantumToolkit.addRenderJob(QuantumToolkit.java:504)
	at com.sun.javafx.tk.quantum.ViewScene.repaint(ViewScene.java:141)
	at com.sun.javafx.tk.quantum.PaintCollector.renderAll(PaintCollector.java:414)
	at com.sun.javafx.tk.quantum.QuantumToolkit.pulse(QuantumToolkit.java:593)
	at com.sun.javafx.tk.quantum.QuantumToolkit.pulse(QuantumToolkit.java:572)
	at com.sun.javafx.tk.quantum.QuantumToolkit.pulseFromQueue(QuantumToolkit.java:565)
	at com.sun.javafx.tk.quantum.QuantumToolkit.lambda$runToolkit$11(QuantumToolkit.java:352)
	at com.sun.glass.ui.monocle.RunnableProcessor.runLoop(RunnableProcessor.java:92)
	at com.sun.glass.ui.monocle.RunnableProcessor.run(RunnableProcessor.java:51)
	at java.base/java.lang.Thread.run(Thread.java:1583)
java.util.concurrent.RejectedExecutionException: Task com.sun.javafx.tk.quantum.PaintRenderJob@75d8da83[Not completed, 
task = java.util.concurrent.Executors$RunnableAdapter@6cd85521[Wrapped task = com.sun.javafx.tk.quantum.UploadingPainte
r@74d968de]] rejected from com.sun.javafx.tk.quantum.QuantumRenderer@2b59501e[Terminated, pool size = 0, active threads
 = 0, queued tasks = 0, completed tasks = 39]
	at java.base/java.util.concurrent.ThreadPoolExecutor$AbortPolicy.rejectedExecution(ThreadPoolExecutor.java:2081)
	at java.base/java.util.concurrent.ThreadPoolExecutor.reject(ThreadPoolExecutor.java:841)
	at java.base/java.util.concurrent.ThreadPoolExecutor.execute(ThreadPoolExecutor.java:1376)
	at java.base/java.util.concurrent.AbstractExecutorService.submit(AbstractExecutorService.java:123)
	at com.sun.javafx.tk.quantum.QuantumRenderer.submitRenderJob(QuantumRenderer.java:221)
	at com.sun.javafx.tk.quantum.QuantumToolkit.addRenderJob(QuantumToolkit.java:504)
	at com.sun.javafx.tk.quantum.ViewScene.repaint(ViewScene.java:141)
	at com.sun.javafx.tk.quantum.PaintCollector.renderAll(PaintCollector.java:414)
	at com.sun.javafx.tk.quantum.QuantumToolkit.pulse(QuantumToolkit.java:593)
	at com.sun.javafx.tk.quantum.QuantumToolkit.pulse(QuantumToolkit.java:572)
	at com.sun.javafx.tk.quantum.QuantumToolkit.pulseFromQueue(QuantumToolkit.java:565)
	at com.sun.javafx.tk.quantum.QuantumToolkit.lambda$runToolkit$11(QuantumToolkit.java:352)
	at com.sun.glass.ui.monocle.RunnableProcessor.runLoop(RunnableProcessor.java:92)
	at com.sun.glass.ui.monocle.RunnableProcessor.run(RunnableProcessor.java:51)
	at java.base/java.lang.Thread.run(Thread.java:1583)
java.util.concurrent.RejectedExecutionException: Task com.sun.javafx.tk.quantum.PaintRenderJob@4949a78d[Not completed, 
task = java.util.concurrent.Executors$RunnableAdapter@45d6697e[Wrapped task = com.sun.javafx.tk.quantum.UploadingPainte
r@7a767682]] rejected from com.sun.javafx.tk.quantum.QuantumRenderer@2b59501e[Terminated, pool size = 0, active threads
 = 0, queued tasks = 0, completed tasks = 39]
	at java.base/java.util.concurrent.ThreadPoolExecutor$AbortPolicy.rejectedExecution(ThreadPoolExecutor.java:2081)
	at java.base/java.util.concurrent.ThreadPoolExecutor.reject(ThreadPoolExecutor.java:841)
	at java.base/java.util.concurrent.ThreadPoolExecutor.execute(ThreadPoolExecutor.java:1376)
	at java.base/java.util.concurrent.AbstractExecutorService.submit(AbstractExecutorService.java:123)
	at com.sun.javafx.tk.quantum.QuantumRenderer.submitRenderJob(QuantumRenderer.java:221)
	at com.sun.javafx.tk.quantum.QuantumToolkit.addRenderJob(QuantumToolkit.java:504)
	at com.sun.javafx.tk.quantum.ViewScene.repaint(ViewScene.java:141)
	at com.sun.javafx.tk.quantum.PaintCollector.renderAll(PaintCollector.java:414)
	at com.sun.javafx.tk.quantum.QuantumToolkit.pulse(QuantumToolkit.java:593)
	at com.sun.javafx.tk.quantum.QuantumToolkit.pulse(QuantumToolkit.java:572)
	at com.sun.javafx.tk.quantum.QuantumToolkit.pulseFromQueue(QuantumToolkit.java:565)
	at com.sun.javafx.tk.quantum.QuantumToolkit.lambda$runToolkit$11(QuantumToolkit.java:352)
	at com.sun.glass.ui.monocle.RunnableProcessor.runLoop(RunnableProcessor.java:92)
	at com.sun.glass.ui.monocle.RunnableProcessor.run(RunnableProcessor.java:51)
	at java.base/java.lang.Thread.run(Thread.java:1583)
java.util.concurrent.RejectedExecutionException: Task com.sun.javafx.tk.quantum.PaintRenderJob@53b3aae3[Not completed, 
task = java.util.concurrent.Executors$RunnableAdapter@1ec9bd74[Wrapped task = com.sun.javafx.tk.quantum.UploadingPainte
r@57420a49]] rejected from com.sun.javafx.tk.quantum.QuantumRenderer@2b59501e[Terminated, pool size = 0, active threads
 = 0, queued tasks = 0, completed tasks = 39]
	at java.base/java.util.concurrent.ThreadPoolExecutor$AbortPolicy.rejectedExecution(ThreadPoolExecutor.java:2081)
	at java.base/java.util.concurrent.ThreadPoolExecutor.reject(ThreadPoolExecutor.java:841)
	at java.base/java.util.concurrent.ThreadPoolExecutor.execute(ThreadPoolExecutor.java:1376)
	at java.base/java.util.concurrent.AbstractExecutorService.submit(AbstractExecutorService.java:123)
	at com.sun.javafx.tk.quantum.QuantumRenderer.submitRenderJob(QuantumRenderer.java:221)
	at com.sun.javafx.tk.quantum.QuantumToolkit.addRenderJob(QuantumToolkit.java:504)
	at com.sun.javafx.tk.quantum.ViewScene.repaint(ViewScene.java:141)
	at com.sun.javafx.tk.quantum.PaintCollector.renderAll(PaintCollector.java:414)
	at com.sun.javafx.tk.quantum.QuantumToolkit.pulse(QuantumToolkit.java:593)
	at com.sun.javafx.tk.quantum.QuantumToolkit.pulse(QuantumToolkit.java:572)
	at com.sun.javafx.tk.quantum.QuantumToolkit.pulseFromQueue(QuantumToolkit.java:565)
	at com.sun.javafx.tk.quantum.QuantumToolkit.lambda$runToolkit$11(QuantumToolkit.java:352)
	at com.sun.glass.ui.monocle.RunnableProcessor.runLoop(RunnableProcessor.java:92)
	at com.sun.glass.ui.monocle.RunnableProcessor.run(RunnableProcessor.java:51)
	at java.base/java.lang.Thread.run(Thread.java:1583)
java.util.concurrent.RejectedExecutionException: Task com.sun.javafx.tk.quantum.PaintRenderJob@74448c1e[Not completed, 
task = java.util.concurrent.Executors$RunnableAdapter@7db990be[Wrapped task = com.sun.javafx.tk.quantum.UploadingPainte
r@3a6ecd02]] rejected from com.sun.javafx.tk.quantum.QuantumRenderer@2b59501e[Terminated, pool size = 0, active threads
 = 0, queued tasks = 0, completed tasks = 39]
	at java.base/java.util.concurrent.ThreadPoolExecutor$AbortPolicy.rejectedExecution(ThreadPoolExecutor.java:2081)
	at java.base/java.util.concurrent.ThreadPoolExecutor.reject(ThreadPoolExecutor.java:841)
	at java.base/java.util.concurrent.ThreadPoolExecutor.execute(ThreadPoolExecutor.java:1376)
	at java.base/java.util.concurrent.AbstractExecutorService.submit(AbstractExecutorService.java:123)
	at com.sun.javafx.tk.quantum.QuantumRenderer.submitRenderJob(QuantumRenderer.java:221)
	at com.sun.javafx.tk.quantum.QuantumToolkit.addRenderJob(QuantumToolkit.java:504)
	at com.sun.javafx.tk.quantum.ViewScene.repaint(ViewScene.java:141)
	at com.sun.javafx.tk.quantum.PaintCollector.renderAll(PaintCollector.java:414)
	at com.sun.javafx.tk.quantum.QuantumToolkit.pulse(QuantumToolkit.java:593)
	at com.sun.javafx.tk.quantum.QuantumToolkit.pulse(QuantumToolkit.java:572)
	at com.sun.javafx.tk.quantum.QuantumToolkit.pulseFromQueue(QuantumToolkit.java:565)
	at com.sun.javafx.tk.quantum.QuantumToolkit.lambda$runToolkit$11(QuantumToolkit.java:352)
	at com.sun.glass.ui.monocle.RunnableProcessor.runLoop(RunnableProcessor.java:92)
	at com.sun.glass.ui.monocle.RunnableProcessor.run(RunnableProcessor.java:51)
	at java.base/java.lang.Thread.run(Thread.java:1583)
java.nio.BufferOverflowException
	at java.base/java.nio.IntBuffer.put(IntBuffer.java:1210)
	at com.sun.javafx.tk.quantum.UploadingPainter.run(UploadingPainter.java:163)
	at java.base/java.util.concurrent.Executors$RunnableAdapter.call(Executors.java:572)
	at java.base/java.util.concurrent.FutureTask.runAndReset(FutureTask.java:358)
	at com.sun.javafx.tk.RenderJob.run(RenderJob.java:58)
	at java.base/java.util.concurrent.ThreadPoolExecutor.runWorker(ThreadPoolExecutor.java:1144)
	at java.base/java.util.concurrent.ThreadPoolExecutor$Worker.run(ThreadPoolExecutor.java:642)
	at com.sun.javafx.tk.quantum.QuantumRenderer$PipelineRunnable.run(QuantumRenderer.java:126)
	at java.base/java.lang.Thread.run(Thread.java:1583)
java.nio.BufferOverflowException
	at java.base/java.nio.IntBuffer.put(IntBuffer.java:1210)
	at com.sun.javafx.tk.quantum.UploadingPainter.run(UploadingPainter.java:163)
	at java.base/java.util.concurrent.Executors$RunnableAdapter.call(Executors.java:572)
	at java.base/java.util.concurrent.FutureTask.runAndReset(FutureTask.java:358)
	at com.sun.javafx.tk.RenderJob.run(RenderJob.java:58)
	at java.base/java.util.concurrent.ThreadPoolExecutor.runWorker(ThreadPoolExecutor.java:1144)
	at java.base/java.util.concurrent.ThreadPoolExecutor$Worker.run(ThreadPoolExecutor.java:642)
	at com.sun.javafx.tk.quantum.QuantumRenderer$PipelineRunnable.run(QuantumRenderer.java:126)
	at java.base/java.lang.Thread.run(Thread.java:1583)
java.nio.BufferOverflowException
	at java.base/java.nio.IntBuffer.put(IntBuffer.java:1210)
	at com.sun.javafx.tk.quantum.UploadingPainter.run(UploadingPainter.java:163)
	at java.base/java.util.concurrent.Executors$RunnableAdapter.call(Executors.java:572)
	at java.base/java.util.concurrent.FutureTask.runAndReset(FutureTask.java:358)
	at com.sun.javafx.tk.RenderJob.run(RenderJob.java:58)
	at java.base/java.util.concurrent.ThreadPoolExecutor.runWorker(ThreadPoolExecutor.java:1144)
	at java.base/java.util.concurrent.ThreadPoolExecutor$Worker.run(ThreadPoolExecutor.java:642)
	at com.sun.javafx.tk.quantum.QuantumRenderer$PipelineRunnable.run(QuantumRenderer.java:126)
	at java.base/java.lang.Thread.run(Thread.java:1583)
java.nio.BufferOverflowException
	at java.base/java.nio.IntBuffer.put(IntBuffer.java:1210)
	at com.sun.javafx.tk.quantum.UploadingPainter.run(UploadingPainter.java:163)
	at java.base/java.util.concurrent.Executors$RunnableAdapter.call(Executors.java:572)
	at java.base/java.util.concurrent.FutureTask.runAndReset(FutureTask.java:358)
	at com.sun.javafx.tk.RenderJob.run(RenderJob.java:58)
	at java.base/java.util.concurrent.ThreadPoolExecutor.runWorker(ThreadPoolExecutor.java:1144)
	at java.base/java.util.concurrent.ThreadPoolExecutor$Worker.run(ThreadPoolExecutor.java:642)
	at com.sun.javafx.tk.quantum.QuantumRenderer$PipelineRunnable.run(QuantumRenderer.java:126)
	at java.base/java.lang.Thread.run(Thread.java:1583)
java.nio.BufferOverflowException
	at java.base/java.nio.IntBuffer.put(IntBuffer.java:1210)
	at com.sun.javafx.tk.quantum.UploadingPainter.run(UploadingPainter.java:163)
	at java.base/java.util.concurrent.Executors$RunnableAdapter.call(Executors.java:572)
	at java.base/java.util.concurrent.FutureTask.runAndReset(FutureTask.java:358)
	at com.sun.javafx.tk.RenderJob.run(RenderJob.java:58)
	at java.base/java.util.concurrent.ThreadPoolExecutor.runWorker(ThreadPoolExecutor.java:1144)
	at java.base/java.util.concurrent.ThreadPoolExecutor$Worker.run(ThreadPoolExecutor.java:642)
	at com.sun.javafx.tk.quantum.QuantumRenderer$PipelineRunnable.run(QuantumRenderer.java:126)
	at java.base/java.lang.Thread.run(Thread.java:1583)
java.nio.BufferOverflowException
	at java.base/java.nio.IntBuffer.put(IntBuffer.java:1210)
	at com.sun.javafx.tk.quantum.UploadingPainter.run(UploadingPainter.java:163)
	at java.base/java.util.concurrent.Executors$RunnableAdapter.call(Executors.java:572)
	at java.base/java.util.concurrent.FutureTask.runAndReset(FutureTask.java:358)
	at com.sun.javafx.tk.RenderJob.run(RenderJob.java:58)
	at java.base/java.util.concurrent.ThreadPoolExecutor.runWorker(ThreadPoolExecutor.java:1144)
	at java.base/java.util.concurrent.ThreadPoolExecutor$Worker.run(ThreadPoolExecutor.java:642)
	at com.sun.javafx.tk.quantum.QuantumRenderer$PipelineRunnable.run(QuantumRenderer.java:126)
	at java.base/java.lang.Thread.run(Thread.java:1583)
java.nio.BufferOverflowException
	at java.base/java.nio.IntBuffer.put(IntBuffer.java:1210)
	at com.sun.javafx.tk.quantum.UploadingPainter.run(UploadingPainter.java:163)
	at java.base/java.util.concurrent.Executors$RunnableAdapter.call(Executors.java:572)
	at java.base/java.util.concurrent.FutureTask.runAndReset(FutureTask.java:358)
	at com.sun.javafx.tk.RenderJob.run(RenderJob.java:58)
	at java.base/java.util.concurrent.ThreadPoolExecutor.runWorker(ThreadPoolExecutor.java:1144)
	at java.base/java.util.concurrent.ThreadPoolExecutor$Worker.run(ThreadPoolExecutor.java:642)
	at com.sun.javafx.tk.quantum.QuantumRenderer$PipelineRunnable.run(QuantumRenderer.java:126)
	at java.base/java.lang.Thread.run(Thread.java:1583)
